09:25 ------------------------START-------2015------------
09:25 Hiveplotlaut fertig. Berechnung in 0.0s abgeschlossen.
09:33 ------------------------START-------2015------------
09:33 Hiveplotlaut fertig. Berechnung in 0.0s abgeschlossen.
09:35 ------------------------START-------2015------------
09:35 Hiveplotlaut fertig. Berechnung in 0.0s abgeschlossen.
09:36 ------------------------START-------2015------------
09:36 Hiveplotlaut fertig. Berechnung in 0.0s abgeschlossen.
09:40 ------------------------START-------2015------------
09:40 Hiveplotlaut fertig. Berechnung in 0.0s abgeschlossen.
09:41 ------------------------START-------2015------------
09:41 Hiveplotlaut fertig. Berechnung in 0.0s abgeschlossen.
09:41 Brute Force fertig. Berechnung in 9.8s abgeschlossen.
09:41 paperlike = True
09:41 Pipeline und Cleanup fertig. Berechnung in 19.6s abgeschlossen.
09:43 ------------------------START-------2015------------
09:43 Hiveplotlaut fertig. Berechnung in 0.0s abgeschlossen.
09:43 Brute Force fertig. Berechnung in 9.5s abgeschlossen.
09:43 paperlike = True
09:43 Pipeline und Cleanup fertig. Berechnung in 19.3s abgeschlossen.
09:43 Post Processing fertig. Berechnung in 19.3s abgeschlossen.
09:43 Nicht expandiert Cache gespeichert: E:\Programming Workspace\Python\BA-Sauerteig\dblp_daten_gesamt\paper_ILP_k8_2015_18.06--09.43_edges256_intra240.pkl
09:43 Expandiert Cache gespeichert: E:\Programming Workspace\Python\BA-Sauerteig\dblp_daten_gesamt\paper_expanded_ILP_k16_2015_18.06--09.43_edges498_intra240.pkl
09:43 Fertig. Berechnung in 19.3s abgeschlossen
09:43 ------------------------STOPP--------------------------------
