00:00 ------------------------START-------2024------------
00:00 Hiveplotlaut fertig. Berechnung in 0.0s abgeschlossen.
00:01 Brute Force fertig. Berechnung in 8.3s abgeschlossen.
00:01 paperlike = True
00:01 Pipeline und Cleanup fertig. Berechnung in 8.3s abgeschlossen.
00:01 Post Processing fertig. Berechnung in 8.5s abgeschlossen.
00:01 Fertig. Berechnung in 8.8s abgeschlossen
00:01 ------------------------STOPP--------------------------------
00:05 ------------------------START-------2024------------
00:05 Hiveplotlaut fertig. Berechnung in 0.0s abgeschlossen.
00:05 Brute Force fertig. Berechnung in 8.4s abgeschlossen.
00:05 paperlike = True
00:05 Pipeline und Cleanup fertig. Berechnung in 8.4s abgeschlossen.
00:05 Post Processing fertig. Berechnung in 8.6s abgeschlossen.
00:05 Fertig. Berechnung in 8.9s abgeschlossen
00:05 ------------------------STOPP--------------------------------
00:13 ------------------------START-------2024------------
00:13 Hiveplotlaut fertig. Berechnung in 0.0s abgeschlossen.
00:13 Brute Force fertig. Berechnung in 7.9s abgeschlossen.
00:13 paperlike = True
00:13 Pipeline und Cleanup fertig. Berechnung in 7.9s abgeschlossen.
00:13 Post Processing fertig. Berechnung in 8.2s abgeschlossen.
00:13 Fertig. Berechnung in 8.4s abgeschlossen
00:13 ------------------------STOPP--------------------------------
00:18 ------------------------START-------2024------------
00:18 Hiveplotlaut fertig. Berechnung in 0.0s abgeschlossen.
00:19 Brute Force fertig. Berechnung in 8.3s abgeschlossen.
00:19 paperlike = True
00:19 Pipeline und Cleanup fertig. Berechnung in 8.3s abgeschlossen.
00:20 ------------------------START-------2024------------
00:20 Hiveplotlaut fertig. Berechnung in 0.0s abgeschlossen.
00:20 Brute Force fertig. Berechnung in 8.1s abgeschlossen.
00:20 paperlike = True
00:20 Pipeline und Cleanup fertig. Berechnung in 8.1s abgeschlossen.
00:22 ------------------------START-------2024------------
00:22 Hiveplotlaut fertig. Berechnung in 0.0s abgeschlossen.
00:22 Brute Force fertig. Berechnung in 8.2s abgeschlossen.
00:22 paperlike = True
00:22 Pipeline und Cleanup fertig. Berechnung in 8.2s abgeschlossen.
00:22 Post Processing fertig. Berechnung in 8.4s abgeschlossen.
00:22 Fertig. Berechnung in 8.6s abgeschlossen
00:22 ------------------------STOPP--------------------------------
00:32 ------------------------START-------2024------------
00:32 Hiveplotlaut fertig. Berechnung in 0.0s abgeschlossen.
00:32 Brute Force fertig. Berechnung in 8.1s abgeschlossen.
00:32 paperlike = True
00:32 Pipeline und Cleanup fertig. Berechnung in 8.1s abgeschlossen.
00:32 Post Processing fertig. Berechnung in 8.4s abgeschlossen.
00:32 Fertig. Berechnung in 8.6s abgeschlossen
00:32 ------------------------STOPP--------------------------------
00:37 ------------------------START-------2024------------
00:37 Hiveplotlaut fertig. Berechnung in 0.0s abgeschlossen.
00:37 Brute Force fertig. Berechnung in 7.8s abgeschlossen.
00:37 paperlike = True
00:37 Pipeline und Cleanup fertig. Berechnung in 7.8s abgeschlossen.
00:38 ------------------------START-------2024------------
00:38 Hiveplotlaut fertig. Berechnung in 0.0s abgeschlossen.
00:38 Brute Force fertig. Berechnung in 8.1s abgeschlossen.
00:38 paperlike = True
00:38 Pipeline und Cleanup fertig. Berechnung in 8.1s abgeschlossen.
00:38 Post Processing fertig. Berechnung in 8.3s abgeschlossen.
00:38 Fertig. Berechnung in 8.5s abgeschlossen
00:38 ------------------------STOPP--------------------------------
00:50 ------------------------START-------2024------------
00:50 Hiveplotlaut fertig. Berechnung in 0.0s abgeschlossen.
00:50 Brute Force fertig. Berechnung in 8.1s abgeschlossen.
00:50 paperlike = True
00:50 Pipeline und Cleanup fertig. Berechnung in 8.1s abgeschlossen.
00:52 ------------------------START-------2024------------
00:52 Hiveplotlaut fertig. Berechnung in 0.0s abgeschlossen.
00:52 Brute Force fertig. Berechnung in 8.1s abgeschlossen.
00:52 paperlike = True
00:52 Pipeline und Cleanup fertig. Berechnung in 8.2s abgeschlossen.
00:52 Post Processing fertig. Berechnung in 8.4s abgeschlossen.
00:52 Fertig. Berechnung in 8.6s abgeschlossen
00:52 ------------------------STOPP--------------------------------
00:54 ------------------------START-------2024------------
00:54 Hiveplotlaut fertig. Berechnung in 0.0s abgeschlossen.
00:54 Brute Force fertig. Berechnung in 8.1s abgeschlossen.
00:54 paperlike = True
00:54 Pipeline und Cleanup fertig. Berechnung in 8.1s abgeschlossen.
00:54 Post Processing fertig. Berechnung in 8.3s abgeschlossen.
00:54 Fertig. Berechnung in 8.6s abgeschlossen
00:54 ------------------------STOPP--------------------------------
00:55 ------------------------START-------2024------------
00:55 Hiveplotlaut fertig. Berechnung in 0.0s abgeschlossen.
00:55 Brute Force fertig. Berechnung in 8.0s abgeschlossen.
00:55 paperlike = True
00:55 Pipeline und Cleanup fertig. Berechnung in 8.0s abgeschlossen.
00:55 Post Processing fertig. Berechnung in 8.2s abgeschlossen.
00:55 Fertig. Berechnung in 8.4s abgeschlossen
00:55 ------------------------STOPP--------------------------------
01:02 ------------------------START-------2024------------
01:02 Hiveplotlaut fertig. Berechnung in 0.0s abgeschlossen.
01:03 Brute Force fertig. Berechnung in 8.2s abgeschlossen.
01:03 paperlike = True
01:03 Pipeline und Cleanup fertig. Berechnung in 8.2s abgeschlossen.
01:03 Post Processing fertig. Berechnung in 8.4s abgeschlossen.
01:03 Fertig. Berechnung in 8.7s abgeschlossen
01:03 ------------------------STOPP--------------------------------
11:45 ------------------------START-------2024------------
11:45 Hiveplotlaut fertig. Berechnung in 0.0s abgeschlossen.
11:45 Brute Force fertig. Berechnung in 8.0s abgeschlossen.
11:45 paperlike = True
11:45 Pipeline und Cleanup fertig. Berechnung in 8.1s abgeschlossen.
11:50 ------------------------START-------2024------------
11:50 Hiveplotlaut fertig. Berechnung in 0.0s abgeschlossen.
11:50 Brute Force fertig. Berechnung in 8.0s abgeschlossen.
11:50 paperlike = True
11:50 Pipeline und Cleanup fertig. Berechnung in 8.0s abgeschlossen.
11:50 Post Processing fertig. Berechnung in 8.4s abgeschlossen.
11:51 Fertig. Berechnung in 57.7s abgeschlossen
11:51 ------------------------STOPP--------------------------------
11:51 ------------------------START-------2024------------
11:51 Hiveplotlaut fertig. Berechnung in 0.0s abgeschlossen.
11:51 Brute Force fertig. Berechnung in 8.1s abgeschlossen.
11:51 paperlike = True
11:51 Pipeline und Cleanup fertig. Berechnung in 8.2s abgeschlossen.
11:51 Post Processing fertig. Berechnung in 29.1s abgeschlossen.
12:08 ------------------------START-------2024------------
12:08 Hiveplotlaut fertig. Berechnung in 0.0s abgeschlossen.
12:09 Brute Force fertig. Berechnung in 8.1s abgeschlossen.
12:09 paperlike = True
12:09 Pipeline und Cleanup fertig. Berechnung in 8.1s abgeschlossen.
12:15 ------------------------START-------2024------------
12:15 Hiveplotlaut fertig. Berechnung in 0.0s abgeschlossen.
12:15 Brute Force fertig. Berechnung in 8.1s abgeschlossen.
12:15 paperlike = True
12:15 Pipeline und Cleanup fertig. Berechnung in 8.1s abgeschlossen.
12:15 Post Processing fertig. Berechnung in 16.8s abgeschlossen.
12:25 ------------------------START-------2024------------
12:25 Hiveplotlaut fertig. Berechnung in 0.0s abgeschlossen.
12:25 Brute Force fertig. Berechnung in 8.0s abgeschlossen.
12:25 paperlike = True
12:25 Pipeline und Cleanup fertig. Berechnung in 8.0s abgeschlossen.
12:27 ------------------------START-------2024------------
12:27 Hiveplotlaut fertig. Berechnung in 0.0s abgeschlossen.
12:27 Brute Force fertig. Berechnung in 7.9s abgeschlossen.
12:27 paperlike = True
12:27 Pipeline und Cleanup fertig. Berechnung in 8.0s abgeschlossen.
12:30 ------------------------START-------2024------------
12:30 Hiveplotlaut fertig. Berechnung in 0.0s abgeschlossen.
12:31 Brute Force fertig. Berechnung in 8.0s abgeschlossen.
12:31 paperlike = True
12:31 Pipeline und Cleanup fertig. Berechnung in 8.0s abgeschlossen.
12:31 ------------------------START-------2024------------
12:31 Hiveplotlaut fertig. Berechnung in 0.0s abgeschlossen.
12:32 Brute Force fertig. Berechnung in 8.0s abgeschlossen.
12:32 paperlike = True
12:32 Pipeline und Cleanup fertig. Berechnung in 8.0s abgeschlossen.
12:33 ------------------------START-------2024------------
12:33 Hiveplotlaut fertig. Berechnung in 0.0s abgeschlossen.
12:33 Brute Force fertig. Berechnung in 8.1s abgeschlossen.
12:33 paperlike = True
12:33 Pipeline und Cleanup fertig. Berechnung in 8.1s abgeschlossen.
12:35 Post Processing fertig. Berechnung in 153.8s abgeschlossen.
12:40 Fertig. Berechnung in 447.2s abgeschlossen
12:40 ------------------------STOPP--------------------------------
12:40 ------------------------START-------2024------------
12:40 Hiveplotlaut fertig. Berechnung in 0.0s abgeschlossen.
12:41 Brute Force fertig. Berechnung in 8.1s abgeschlossen.
12:41 paperlike = True
12:41 Pipeline und Cleanup fertig. Berechnung in 8.1s abgeschlossen.
12:41 Post Processing fertig. Berechnung in 59.6s abgeschlossen.
12:49 ------------------------START-------2024------------
12:49 Hiveplotlaut fertig. Berechnung in 0.0s abgeschlossen.
12:49 Brute Force fertig. Berechnung in 8.0s abgeschlossen.
12:49 paperlike = True
12:49 Pipeline und Cleanup fertig. Berechnung in 8.0s abgeschlossen.
12:51 ------------------------START-------2024------------
12:51 Hiveplotlaut fertig. Berechnung in 0.0s abgeschlossen.
12:51 Brute Force fertig. Berechnung in 8.0s abgeschlossen.
12:51 paperlike = True
12:51 Pipeline und Cleanup fertig. Berechnung in 8.1s abgeschlossen.
12:51 Post Processing fertig. Berechnung in 8.1s abgeschlossen.
13:04 ------------------------START-------2024------------
13:04 Hiveplotlaut fertig. Berechnung in 0.0s abgeschlossen.
13:04 Brute Force fertig. Berechnung in 8.1s abgeschlossen.
13:04 paperlike = True
13:04 Pipeline und Cleanup fertig. Berechnung in 8.1s abgeschlossen.
13:04 Post Processing fertig. Berechnung in 8.1s abgeschlossen.
13:05 ------------------------START-------2024------------
13:05 Hiveplotlaut fertig. Berechnung in 0.0s abgeschlossen.
13:05 Brute Force fertig. Berechnung in 7.9s abgeschlossen.
13:05 paperlike = True
13:05 Pipeline und Cleanup fertig. Berechnung in 8.0s abgeschlossen.
13:05 Post Processing fertig. Berechnung in 8.0s abgeschlossen.
13:06 Fertig. Berechnung in 71.8s abgeschlossen
13:06 ------------------------STOPP--------------------------------
13:07 ------------------------START-------2024------------
13:07 Hiveplotlaut fertig. Berechnung in 0.0s abgeschlossen.
13:07 Brute Force fertig. Berechnung in 8.0s abgeschlossen.
13:07 paperlike = True
13:07 Pipeline und Cleanup fertig. Berechnung in 8.0s abgeschlossen.
13:08 ------------------------START-------2024------------
13:08 Hiveplotlaut fertig. Berechnung in 0.0s abgeschlossen.
13:08 Brute Force fertig. Berechnung in 8.1s abgeschlossen.
13:08 paperlike = True
13:08 Pipeline und Cleanup fertig. Berechnung in 8.1s abgeschlossen.
13:15 ------------------------START-------2024------------
13:15 Hiveplotlaut fertig. Berechnung in 0.0s abgeschlossen.
13:15 Brute Force fertig. Berechnung in 8.0s abgeschlossen.
13:15 paperlike = True
13:15 Pipeline und Cleanup fertig. Berechnung in 8.0s abgeschlossen.
13:17 ------------------------START-------2024------------
13:17 Hiveplotlaut fertig. Berechnung in 0.0s abgeschlossen.
13:17 Brute Force fertig. Berechnung in 8.0s abgeschlossen.
13:17 paperlike = True
13:17 Pipeline und Cleanup fertig. Berechnung in 8.0s abgeschlossen.
13:23 Post Processing fertig. Berechnung in 347.2s abgeschlossen.
13:57 ------------------------START-------2024------------
13:57 Hiveplotlaut fertig. Berechnung in 0.0s abgeschlossen.
13:57 Brute Force fertig. Berechnung in 8.0s abgeschlossen.
13:57 paperlike = True
13:57 Pipeline und Cleanup fertig. Berechnung in 8.0s abgeschlossen.
13:58 ------------------------START-------2024------------
13:58 Hiveplotlaut fertig. Berechnung in 0.0s abgeschlossen.
13:58 ------------------------START-------2024------------
13:58 Hiveplotlaut fertig. Berechnung in 0.0s abgeschlossen.
13:58 Brute Force fertig. Berechnung in 8.1s abgeschlossen.
13:58 paperlike = True
13:58 Pipeline und Cleanup fertig. Berechnung in 8.1s abgeschlossen.
13:58 Post Processing fertig. Berechnung in 8.1s abgeschlossen.
13:58 Fertig. Berechnung in 8.3s abgeschlossen
13:58 ------------------------STOPP--------------------------------
14:01 ------------------------START-------2024------------
14:01 Hiveplotlaut fertig. Berechnung in 0.0s abgeschlossen.
14:01 Brute Force fertig. Berechnung in 8.1s abgeschlossen.
14:01 paperlike = True
14:01 Pipeline und Cleanup fertig. Berechnung in 8.2s abgeschlossen.
14:01 Post Processing fertig. Berechnung in 8.2s abgeschlossen.
14:01 Fertig. Berechnung in 8.4s abgeschlossen
14:01 ------------------------STOPP--------------------------------
14:02 ------------------------START-------2024------------
14:02 Hiveplotlaut fertig. Berechnung in 0.0s abgeschlossen.
14:02 Brute Force fertig. Berechnung in 8.1s abgeschlossen.
14:02 paperlike = True
14:02 Pipeline und Cleanup fertig. Berechnung in 8.1s abgeschlossen.
14:02 Post Processing fertig. Berechnung in 8.1s abgeschlossen.
14:02 Fertig. Berechnung in 8.3s abgeschlossen
14:02 ------------------------STOPP--------------------------------
14:04 ------------------------START-------2024------------
14:04 Hiveplotlaut fertig. Berechnung in 0.0s abgeschlossen.
14:04 Brute Force fertig. Berechnung in 8.3s abgeschlossen.
14:04 paperlike = True
14:04 Pipeline und Cleanup fertig. Berechnung in 8.3s abgeschlossen.
14:04 Post Processing fertig. Berechnung in 8.3s abgeschlossen.
14:04 Fertig. Berechnung in 8.6s abgeschlossen
14:04 ------------------------STOPP--------------------------------
14:18 ------------------------START-------2024------------
14:18 Hiveplotlaut fertig. Berechnung in 0.0s abgeschlossen.
14:19 Brute Force fertig. Berechnung in 8.2s abgeschlossen.
14:19 paperlike = True
14:19 Pipeline und Cleanup fertig. Berechnung in 8.2s abgeschlossen.
14:19 Post Processing fertig. Berechnung in 8.2s abgeschlossen.
14:24 ------------------------START-------2024------------
14:24 Hiveplotlaut fertig. Berechnung in 0.0s abgeschlossen.
14:24 Brute Force fertig. Berechnung in 8.1s abgeschlossen.
14:24 paperlike = True
14:24 Pipeline und Cleanup fertig. Berechnung in 8.1s abgeschlossen.
14:24 Post Processing fertig. Berechnung in 8.1s abgeschlossen.
14:29 ------------------------START-------2024------------
14:29 Hiveplotlaut fertig. Berechnung in 0.0s abgeschlossen.
14:29 Brute Force fertig. Berechnung in 8.0s abgeschlossen.
14:29 paperlike = True
14:29 Pipeline und Cleanup fertig. Berechnung in 8.0s abgeschlossen.
14:32 Post Processing fertig. Berechnung in 155.6s abgeschlossen.
14:39 ------------------------START-------2024------------
14:39 Hiveplotlaut fertig. Berechnung in 0.0s abgeschlossen.
14:39 Brute Force fertig. Berechnung in 8.0s abgeschlossen.
14:39 paperlike = True
14:39 Pipeline und Cleanup fertig. Berechnung in 8.0s abgeschlossen.
14:39 Post Processing fertig. Berechnung in 8.1s abgeschlossen.
14:39 ------------------------START-------2024------------
14:39 Hiveplotlaut fertig. Berechnung in 0.0s abgeschlossen.
14:40 Brute Force fertig. Berechnung in 8.2s abgeschlossen.
14:40 paperlike = True
14:40 Pipeline und Cleanup fertig. Berechnung in 8.2s abgeschlossen.
14:40 Post Processing fertig. Berechnung in 8.2s abgeschlossen.
14:43 ------------------------START-------2024------------
14:43 Hiveplotlaut fertig. Berechnung in 0.0s abgeschlossen.
14:43 Brute Force fertig. Berechnung in 8.2s abgeschlossen.
14:43 paperlike = True
14:43 Pipeline und Cleanup fertig. Berechnung in 8.2s abgeschlossen.
14:43 Post Processing fertig. Berechnung in 13.1s abgeschlossen.
15:03 ------------------------START-------2024------------
15:03 Hiveplotlaut fertig. Berechnung in 0.0s abgeschlossen.
15:03 Brute Force fertig. Berechnung in 8.1s abgeschlossen.
15:03 paperlike = True
15:03 Pipeline und Cleanup fertig. Berechnung in 8.1s abgeschlossen.
15:05 ------------------------START-------2024------------
15:05 Hiveplotlaut fertig. Berechnung in 0.0s abgeschlossen.
15:05 Brute Force fertig. Berechnung in 8.0s abgeschlossen.
15:05 paperlike = True
15:05 Pipeline und Cleanup fertig. Berechnung in 8.0s abgeschlossen.
15:05 Post Processing fertig. Berechnung in 8.0s abgeschlossen.
15:05 Fertig. Berechnung in 8.2s abgeschlossen
15:05 ------------------------STOPP--------------------------------
15:07 ------------------------START-------2024------------
15:07 Hiveplotlaut fertig. Berechnung in 0.0s abgeschlossen.
15:07 Brute Force fertig. Berechnung in 8.0s abgeschlossen.
15:07 paperlike = False
15:07 Pipeline und Cleanup fertig. Berechnung in 8.0s abgeschlossen.
15:07 Fertig. Berechnung in 8.2s abgeschlossen
15:07 ------------------------STOPP--------------------------------
15:08 ------------------------START-------2024------------
15:08 Hiveplotlaut fertig. Berechnung in 0.0s abgeschlossen.
15:08 Brute Force fertig. Berechnung in 8.0s abgeschlossen.
15:08 paperlike = True
15:08 Pipeline und Cleanup fertig. Berechnung in 27.3s abgeschlossen.
15:08 Post Processing fertig. Berechnung in 27.5s abgeschlossen.
15:08 Fertig. Berechnung in 27.7s abgeschlossen
15:08 ------------------------STOPP--------------------------------
15:12 ------------------------START-------2024------------
15:12 Hiveplotlaut fertig. Berechnung in 0.0s abgeschlossen.
15:12 Brute Force fertig. Berechnung in 8.2s abgeschlossen.
15:12 paperlike = False
15:13 Pipeline und Cleanup fertig. Berechnung in 59.5s abgeschlossen.
15:13 Fertig. Berechnung in 59.7s abgeschlossen
15:13 ------------------------STOPP--------------------------------
15:14 ------------------------START-------2024------------
15:14 Hiveplotlaut fertig. Berechnung in 0.0s abgeschlossen.
15:14 Brute Force fertig. Berechnung in 8.0s abgeschlossen.
15:14 paperlike = False
15:15 Pipeline und Cleanup fertig. Berechnung in 58.8s abgeschlossen.
15:15 Fertig. Berechnung in 59.0s abgeschlossen
15:15 ------------------------STOPP--------------------------------
15:16 ------------------------START-------2024------------
15:16 Hiveplotlaut fertig. Berechnung in 0.0s abgeschlossen.
15:16 Brute Force fertig. Berechnung in 8.5s abgeschlossen.
15:16 paperlike = False
15:17 Pipeline und Cleanup fertig. Berechnung in 59.8s abgeschlossen.
15:17 Fertig. Berechnung in 60.0s abgeschlossen
15:17 ------------------------STOPP--------------------------------
15:19 ------------------------START-------2024------------
15:19 Hiveplotlaut fertig. Berechnung in 0.0s abgeschlossen.
15:20 Brute Force fertig. Berechnung in 8.1s abgeschlossen.
15:20 paperlike = False
15:20 Pipeline und Cleanup fertig. Berechnung in 59.4s abgeschlossen.
15:20 Fertig. Berechnung in 59.6s abgeschlossen
15:20 ------------------------STOPP--------------------------------
15:26 ------------------------START-------2024------------
15:26 Hiveplotlaut fertig. Berechnung in 0.0s abgeschlossen.
15:27 Brute Force fertig. Berechnung in 8.2s abgeschlossen.
15:27 paperlike = False
15:27 Pipeline und Cleanup fertig. Berechnung in 8.2s abgeschlossen.
15:27 Fertig. Berechnung in 8.5s abgeschlossen
15:27 ------------------------STOPP--------------------------------
15:31 ------------------------START-------2024------------
15:31 Hiveplotlaut fertig. Berechnung in 0.0s abgeschlossen.
15:31 Brute Force fertig. Berechnung in 8.1s abgeschlossen.
15:32 paperlike = False
15:32 Pipeline und Cleanup fertig. Berechnung in 75.2s abgeschlossen.
15:32 Fertig. Berechnung in 75.7s abgeschlossen
15:32 ------------------------STOPP--------------------------------
15:34 ------------------------START-------2024------------
15:34 Hiveplotlaut fertig. Berechnung in 0.0s abgeschlossen.
15:34 Brute Force fertig. Berechnung in 8.3s abgeschlossen.
15:34 paperlike = True
15:34 Pipeline und Cleanup fertig. Berechnung in 8.3s abgeschlossen.
15:34 Post Processing fertig. Berechnung in 8.5s abgeschlossen.
15:34 Fertig. Berechnung in 8.7s abgeschlossen
15:34 ------------------------STOPP--------------------------------
15:36 ------------------------START-------2024------------
15:36 Hiveplotlaut fertig. Berechnung in 0.0s abgeschlossen.
15:36 Brute Force fertig. Berechnung in 8.2s abgeschlossen.
15:36 paperlike = True
15:36 Pipeline und Cleanup fertig. Berechnung in 28.1s abgeschlossen.
15:36 Post Processing fertig. Berechnung in 28.4s abgeschlossen.
15:36 Fertig. Berechnung in 28.6s abgeschlossen
15:36 ------------------------STOPP--------------------------------
15:38 ------------------------START-------2024------------
15:38 Hiveplotlaut fertig. Berechnung in 0.0s abgeschlossen.
15:38 Brute Force fertig. Berechnung in 8.0s abgeschlossen.
15:38 paperlike = True
15:38 Pipeline und Cleanup fertig. Berechnung in 27.7s abgeschlossen.
15:38 Post Processing fertig. Berechnung in 28.0s abgeschlossen.
15:38 Fertig. Berechnung in 28.2s abgeschlossen
15:38 ------------------------STOPP--------------------------------
15:39 ------------------------START-------2024------------
15:39 Hiveplotlaut fertig. Berechnung in 0.0s abgeschlossen.
15:39 Brute Force fertig. Berechnung in 7.9s abgeschlossen.
15:39 paperlike = True
15:39 Pipeline und Cleanup fertig. Berechnung in 7.9s abgeschlossen.
15:39 Post Processing fertig. Berechnung in 8.1s abgeschlossen.
15:39 Fertig. Berechnung in 8.3s abgeschlossen
15:39 ------------------------STOPP--------------------------------
15:42 ------------------------START-------2024------------
15:42 Hiveplotlaut fertig. Berechnung in 0.0s abgeschlossen.
15:42 ------------------------START-------2023------------
15:42 Hiveplotlaut fertig. Berechnung in 0.0s abgeschlossen.
15:42 Brute Force fertig. Berechnung in 4.8s abgeschlossen.
15:42 paperlike = True
15:42 Pipeline und Cleanup fertig. Berechnung in 4.8s abgeschlossen.
15:42 Post Processing fertig. Berechnung in 5.0s abgeschlossen.
15:42 Fertig. Berechnung in 5.1s abgeschlossen
15:42 ------------------------STOPP--------------------------------
15:43 ------------------------START-------2021------------
15:43 Hiveplotlaut fertig. Berechnung in 0.0s abgeschlossen.
15:43 Brute Force fertig. Berechnung in 9.3s abgeschlossen.
15:43 paperlike = True
15:43 Pipeline und Cleanup fertig. Berechnung in 9.3s abgeschlossen.
15:43 Post Processing fertig. Berechnung in 9.4s abgeschlossen.
15:43 Fertig. Berechnung in 9.5s abgeschlossen
15:43 ------------------------STOPP--------------------------------
15:44 ------------------------START-------2020------------
15:44 Hiveplotlaut fertig. Berechnung in 0.0s abgeschlossen.
15:44 Brute Force fertig. Berechnung in 6.1s abgeschlossen.
15:44 paperlike = True
15:44 Pipeline und Cleanup fertig. Berechnung in 6.1s abgeschlossen.
15:44 Post Processing fertig. Berechnung in 6.2s abgeschlossen.
15:44 Fertig. Berechnung in 6.3s abgeschlossen
15:44 ------------------------STOPP--------------------------------
15:44 ------------------------START-------2019------------
15:44 Hiveplotlaut fertig. Berechnung in 0.0s abgeschlossen.
15:44 Brute Force fertig. Berechnung in 8.1s abgeschlossen.
15:44 paperlike = True
15:44 Pipeline und Cleanup fertig. Berechnung in 8.1s abgeschlossen.
15:44 Post Processing fertig. Berechnung in 8.3s abgeschlossen.
15:44 Fertig. Berechnung in 8.4s abgeschlossen
15:44 ------------------------STOPP--------------------------------
