10:58 ------------------------START-------2016------------
10:58 Hiveplotlaut fertig. Berechnung in 0.0s abgeschlossen.
10:58 Brute Force fertig. Berechnung in 0.4s abgeschlossen.
10:58 paperlike = False
11:16 Pipeline und Cleanup fertig. Berechnung in 1067.6s abgeschlossen.
11:16 Cache gespeichert: E:\Programming Workspace\Python\BA-Sauerteig\dblp_daten_gesamt\self_hpl_k8_2016_24.06--11.16_edges663_intra0.pkl
11:16 Fertig. Berechnung in 1067.6s abgeschlossen
11:16 ------------------------STOPP--------------------------------
11:17 ------------------------START-------2016------------
11:17 Hiveplotlaut fertig. Berechnung in 0.0s abgeschlossen.
11:17 Brute Force fertig. Berechnung in 0.3s abgeschlossen.
11:17 paperlike = False
11:20 Pipeline und Cleanup fertig. Berechnung in 171.1s abgeschlossen.
11:20 Cache gespeichert: E:\Programming Workspace\Python\BA-Sauerteig\dblp_daten_gesamt\self_hpl_k8_2016_24.06--11.20_edges663_intra0.pkl
11:20 Fertig. Berechnung in 171.1s abgeschlossen
11:20 ------------------------STOPP--------------------------------
11:21 ------------------------START-------2016------------
11:21 Hiveplotlaut fertig. Berechnung in 0.0s abgeschlossen.
11:21 Brute Force fertig. Berechnung in 0.3s abgeschlossen.
11:21 paperlike = False
11:23 Pipeline und Cleanup fertig. Berechnung in 115.1s abgeschlossen.
11:24 Cache gespeichert: E:\Programming Workspace\Python\BA-Sauerteig\dblp_daten_gesamt\self_hpl_k8_2016_24.06--11.24_edges663_intra0.pkl
11:24 Fertig. Berechnung in 196.4s abgeschlossen
11:24 ------------------------STOPP--------------------------------
11:27 ------------------------START-------2016------------
11:27 Hiveplotlaut fertig. Berechnung in 0.0s abgeschlossen.
11:27 Brute Force fertig. Berechnung in 0.3s abgeschlossen.
11:27 paperlike = False
11:27 Pipeline und Cleanup fertig. Berechnung in 0.3s abgeschlossen.
11:27 Cache gespeichert: E:\Programming Workspace\Python\BA-Sauerteig\dblp_daten_gesamt\self_hpl_k8_2016_24.06--11.27_edges663_intra0.pkl
11:27 Fertig. Berechnung in 0.3s abgeschlossen
11:27 ------------------------STOPP--------------------------------
11:28 ------------------------START-------2016------------
11:28 Hiveplotlaut fertig. Berechnung in 0.0s abgeschlossen.
11:28 Brute Force fertig. Berechnung in 0.3s abgeschlossen.
11:28 paperlike = False
11:28 ------------------------START-------2016------------
11:28 Hiveplotlaut fertig. Berechnung in 0.0s abgeschlossen.
11:28 Brute Force fertig. Berechnung in 0.3s abgeschlossen.
11:28 paperlike = False
11:28 Pipeline und Cleanup fertig. Berechnung in 0.4s abgeschlossen.
11:28 Cache gespeichert: E:\Programming Workspace\Python\BA-Sauerteig\dblp_daten_gesamt\self_hpl_k8_2016_24.06--11.28_edges663_intra0.pkl
11:28 Fertig. Berechnung in 0.4s abgeschlossen
11:28 ------------------------STOPP--------------------------------
11:32 ------------------------START-------2016------------
11:32 Hiveplotlaut fertig. Berechnung in 0.0s abgeschlossen.
11:32 Brute Force fertig. Berechnung in 0.3s abgeschlossen.
11:32 paperlike = False
11:34 ------------------------START-------2016------------
11:34 Hiveplotlaut fertig. Berechnung in 0.0s abgeschlossen.
11:34 Brute Force fertig. Berechnung in 0.3s abgeschlossen.
11:34 paperlike = False
11:34 ------------------------START-------2016------------
11:34 Hiveplotlaut fertig. Berechnung in 0.0s abgeschlossen.
11:34 Brute Force fertig. Berechnung in 0.3s abgeschlossen.
11:34 paperlike = False
11:41 ------------------------START-------2016------------
11:41 Hiveplotlaut fertig. Berechnung in 0.0s abgeschlossen.
11:41 Brute Force fertig. Berechnung in 0.3s abgeschlossen.
11:41 paperlike = False
11:43 ------------------------START-------2016------------
11:43 Hiveplotlaut fertig. Berechnung in 0.0s abgeschlossen.
11:43 Brute Force fertig. Berechnung in 7.2s abgeschlossen.
11:43 paperlike = False
11:49 Pipeline und Cleanup fertig. Berechnung in 355.4s abgeschlossen.
11:50 Cache gespeichert: E:\Programming Workspace\Python\BA-Sauerteig\dblp_daten_gesamt\self_hpl_k16_2016_24.06--11.50_edges669_intra0.pkl
11:50 Fertig. Berechnung in 381.3s abgeschlossen
11:50 ------------------------STOPP--------------------------------
11:51 ------------------------START-------2016------------
11:51 Hiveplotlaut fertig. Berechnung in 0.0s abgeschlossen.
11:51 Brute Force fertig. Berechnung in 7.2s abgeschlossen.
11:51 paperlike = False
11:51 Pipeline und Cleanup fertig. Berechnung in 7.2s abgeschlossen.
11:51 Cache gespeichert: E:\Programming Workspace\Python\BA-Sauerteig\dblp_daten_gesamt\self_hpl_k16_2016_24.06--11.51_edges669_intra0.pkl
11:51 Fertig. Berechnung in 9.1s abgeschlossen
11:51 ------------------------STOPP--------------------------------
11:51 ------------------------START-------2016------------
11:51 Hiveplotlaut fertig. Berechnung in 0.0s abgeschlossen.
11:52 Brute Force fertig. Berechnung in 7.4s abgeschlossen.
11:52 paperlike = False
11:52 Pipeline und Cleanup fertig. Berechnung in 7.4s abgeschlossen.
11:52 Cache gespeichert: E:\Programming Workspace\Python\BA-Sauerteig\dblp_daten_gesamt\self_hpl_k16_2016_24.06--11.52_edges669_intra0.pkl
11:52 Fertig. Berechnung in 16.9s abgeschlossen
11:52 ------------------------STOPP--------------------------------
11:52 ------------------------START-------2016------------
11:52 Hiveplotlaut fertig. Berechnung in 0.0s abgeschlossen.
11:52 Brute Force fertig. Berechnung in 7.7s abgeschlossen.
11:52 paperlike = False
11:52 Pipeline und Cleanup fertig. Berechnung in 7.7s abgeschlossen.
11:55 ------------------------START-------2016------------
11:55 Hiveplotlaut fertig. Berechnung in 0.0s abgeschlossen.
11:55 Brute Force fertig. Berechnung in 7.2s abgeschlossen.
11:55 paperlike = False
12:19 ------------------------START-------2016------------
12:19 Hiveplotlaut fertig. Berechnung in 0.0s abgeschlossen.
12:20 Brute Force fertig. Berechnung in 7.2s abgeschlossen.
12:20 paperlike = False
12:26 ------------------------START-------2016------------
12:26 Hiveplotlaut fertig. Berechnung in 0.0s abgeschlossen.
12:26 Brute Force fertig. Berechnung in 7.7s abgeschlossen.
12:26 paperlike = False
12:29 ------------------------START-------2016------------
12:29 Hiveplotlaut fertig. Berechnung in 0.0s abgeschlossen.
12:29 Brute Force fertig. Berechnung in 7.3s abgeschlossen.
12:29 paperlike = False
12:32 ------------------------START-------2016------------
12:32 Hiveplotlaut fertig. Berechnung in 0.0s abgeschlossen.
12:32 Brute Force fertig. Berechnung in 7.2s abgeschlossen.
12:32 paperlike = False
12:34 ------------------------START-------2016------------
12:34 Hiveplotlaut fertig. Berechnung in 0.0s abgeschlossen.
12:34 Brute Force fertig. Berechnung in 7.2s abgeschlossen.
12:34 paperlike = False
12:37 ------------------------START-------2016------------
12:37 Hiveplotlaut fertig. Berechnung in 0.0s abgeschlossen.
12:37 Brute Force fertig. Berechnung in 7.2s abgeschlossen.
12:37 paperlike = False
13:03 ------------------------START-------2016------------
13:03 Hiveplotlaut fertig. Berechnung in 0.0s abgeschlossen.
13:03 Brute Force fertig. Berechnung in 7.3s abgeschlossen.
13:03 paperlike = False
13:07 Pipeline und Cleanup fertig. Berechnung in 197.6s abgeschlossen.
13:07 Cache gespeichert: E:\Programming Workspace\Python\BA-Sauerteig\dblp_daten_gesamt\self_hpl_k16_2016_24.06--13.07_edges669_intra0.pkl
13:07 Fertig. Berechnung in 197.6s abgeschlossen
13:07 ------------------------STOPP--------------------------------
13:15 ------------------------START-------2016------------
13:15 Hiveplotlaut fertig. Berechnung in 0.0s abgeschlossen.
13:15 Brute Force fertig. Berechnung in 7.3s abgeschlossen.
13:15 paperlike = False
